

----------------------------------------------------------------------------
IntentionSelectionParadigmPyExp251118a.py @ 2026-02-22_11-47-14


----------------------------------------------------------------------------
IntentionSelectionParadigmPyExp251118a.py @ 2026-02-22_11-47-41
CCRP001 - 4 cues, reward 1234, square, complex, nocuemask, small cues and cue distances-Prac-subj-000-ses-001-2026-02-22_11-47-41.dat
Subject 0 session 1

Block: 1 Trial: 1 2 Trial_escape 3 Trial_escape Experiment_abort 

----------------------------------------------------------------------------
IntentionSelectionParadigmPyExp251118a.py @ 2026-02-22_11-48-31
CCRP001 - 4 cues, reward 1234, square, complex, nocuemask, small cues and cue distances-Prac-subj-000-ses-001-2026-02-22_11-48-31.dat
Subject 0 session 1

Block: 1 Trial: 1 Trial_escape Experiment_abort 

----------------------------------------------------------------------------
IntentionSelectionParadigmPyExp251118a.py @ 2026-02-22_11-49-07
CCRP001 - 4 cues, reward 1234, square, complex, nocuemask, small cues and cue distances-Prac-subj-000-ses-001-2026-02-22_11-49-07.dat
Subject 0 session 1

Block: 2 Trial: 1 2 3 4 5 6 7 8 9 10 Trial_escape Experiment_abort 

----------------------------------------------------------------------------
IntentionSelectionParadigmPyExp251118a.py @ 2026-02-22_11-52-38
CCRP001 - 4 cues, reward 1234, square, complex, nocuemask, small cues and cue distances-Prac-subj-000-ses-005-2026-02-22_11-52-38.dat
Subject 0 session 5

Block: 1 Trial: 1 2 3 4 5 6 7 Trial_escape Experiment_abort 

----------------------------------------------------------------------------
IntentionSelectionParadigmPyExp251118a.py @ 2026-02-22_11-55-05
CCRP001 - 4 cues, reward 1234, square, complex, nocuemask, small cues and cue distances-Prac-subj-000-ses-005-2026-02-22_11-55-05.dat
Subject 0 session 5

Block: 1 Trial: 1 2 3 4 5 6 7 8 9 Trial_escape Experiment_abort 

----------------------------------------------------------------------------
IntentionSelectionParadigmPyExp251118a.py @ 2026-02-22_12-28-34
CCRP001 - 4 cues, reward 1234, square, complex, nocuemask, small cues and cue distances-Prac-subj-000-ses-001-2026-02-22_12-28-34.dat
Subject 0 session 1

Block: 1 Trial: 1 Trial_escape 2 Trial_escape Experiment_abort 

----------------------------------------------------------------------------
IntentionSelectionParadigmPyExp251118a.py @ 2026-02-22_15-12-00
CCRP001 - 4 cues, reward 1234, square, complex, nocuemask, small cues and cue distances-Prac-subj-000-ses-002-2026-02-22_15-12-00.dat
Subject 0 session 2

Block: 1 Trial: 1 2 3 4 Trial_escape 5 Trial_escape Experiment_abort 

----------------------------------------------------------------------------
IntentionSelectionParadigmPyExp251118a.py @ 2026-02-22_15-17-44
CCRP001 - 4 cues, reward 1234, square, complex, nocuemask, small cues and cue distances-Prac-subj-000-ses-003-2026-02-22_15-17-44.dat
Subject 0 session 3

Block: 1 Trial: 1 2 Trial_escape Experiment_abort 

----------------------------------------------------------------------------
IntentionSelectionParadigmPyExp251118a.py @ 2026-02-22_15-51-33
CCRP001 - 4 cues, reward 1234, square, complex, nocuemask, small cues and cue distances-Prac-subj-000-ses-004-2026-02-22_15-51-33.dat
Subject 0 session 4

Block: 1 Trial: 1 Trial_escape 2 Trial_escape Experiment_abort 

----------------------------------------------------------------------------
IntentionSelectionParadigmPyExp251118a.py @ 2026-02-24_09-09-34
CCRP001 - 4 cues, reward 1234, square, complex, nocuemask, small cues and cue distances-Prac-subj-000-ses-004-2026-02-24_09-09-34.dat
Subject 0 session 4

Block: 1 Trial: 1 Trial_escape 2 Trial_escape 3 Trial_escape Experiment_abort 